{
    "optionHelpShortName": null,
    "helpGeneratorShortDescriptionCharsMinBeforeFullStop": 40,
    "helpGeneratorShortDescriptionCharsMax": 70
}
